分类: 📺央视频道, 名称: CCTV1, 总数: 235, 有效: 15, 有效率: 6.38%, IPv4: 235, IPv6: 0, 最小延迟: 57 ms, 最高速率: 59.50 M/s, 平均速率: 9.42 M/s, 最高分辨率: 1920x1080, 平均帧率: 34.00, 视频编解码器: h264, 音频编解码器: mp2
分类: 📺央视频道, 名称: CCTV2, 总数: 205, 有效: 18, 有效率: 8.78%, IPv4: 205, IPv6: 0, 最小延迟: 49 ms, 最高速率: 64.37 M/s, 平均速率: 10.32 M/s, 最高分辨率: 1920x1080, 平均帧率: 33.91, 视频编解码器: h264, 音频编解码器: mp2
分类: 📺央视频道, 名称: CCTV3, 总数: 196, 有效: 13, 有效率: 6.63%, IPv4: 196, IPv6: 0, 最小延迟: 20 ms, 最高速率: 65.02 M/s, 平均速率: 7.74 M/s, 最高分辨率: 1920x1080, 平均帧率: 31.77, 视频编解码器: h264, 音频编解码器: aac
分类: 📺央视频道, 名称: CCTV4, 总数: 239, 有效: 19, 有效率: 7.95%, IPv4: 239, IPv6: 0, 最小延迟: 20 ms, 最高速率: 57.24 M/s, 平均速率: 6.56 M/s, 最高分辨率: 1920x1080, 平均帧率: 33.71, 视频编解码器: h264, 音频编解码器: aac
分类: 📺央视频道, 名称: CCTV5, 总数: 205, 有效: 10, 有效率: 4.88%, IPv4: 205, IPv6: 0, 最小延迟: 50 ms, 最高速率: 74.83 M/s, 平均速率: 13.23 M/s, 最高分辨率: 1920x1080, 平均帧率: 31.30, 视频编解码器: h264, 音频编解码器: aac
分类: 📺央视频道, 名称: CCTV6, 总数: 197, 有效: 17, 有效率: 8.63%, IPv4: 197, IPv6: 0, 最小延迟: 57 ms, 最高速率: 61.27 M/s, 平均速率: 7.91 M/s, 最高分辨率: 1920x1080, 平均帧率: 31.29, 视频编解码器: h264, 音频编解码器: aac
分类: 📺央视频道, 名称: CCTV7, 总数: 207, 有效: 15, 有效率: 7.25%, IPv4: 207, IPv6: 0, 最小延迟: 77 ms, 最高速率: 52.14 M/s, 平均速率: 6.23 M/s, 最高分辨率: 1920x1080, 平均帧率: 34.46, 视频编解码器: h264, 音频编解码器: mp2
分类: 📺央视频道, 名称: CCTV8, 总数: 185, 有效: 19, 有效率: 10.27%, IPv4: 185, IPv6: 0, 最小延迟: 21 ms, 最高速率: 55.04 M/s, 平均速率: 8.56 M/s, 最高分辨率: 1920x1080, 平均帧率: 30.74, 视频编解码器: h264, 音频编解码器: aac
分类: 📺央视频道, 名称: CCTV9, 总数: 195, 有效: 23, 有效率: 11.79%, IPv4: 195, IPv6: 0, 最小延迟: 20 ms, 最高速率: 143.89 M/s, 平均速率: 14.38 M/s, 最高分辨率: 1920x1080, 平均帧率: 32.61, 视频编解码器: h264, 音频编解码器: mp2
分类: 📺央视频道, 名称: CCTV10, 总数: 199, 有效: 16, 有效率: 8.04%, IPv4: 199, IPv6: 0, 最小延迟: 4 ms, 最高速率: 66.42 M/s, 平均速率: 6.43 M/s, 最高分辨率: 1920x1080, 平均帧率: 32.50, 视频编解码器: h264, 音频编解码器: mp2
分类: 📺央视频道, 名称: CCTV11, 总数: 180, 有效: 11, 有效率: 6.11%, IPv4: 180, IPv6: 0, 最小延迟: 4 ms, 最高速率: 64.12 M/s, 平均速率: 9.05 M/s, 最高分辨率: 1920x1080, 平均帧率: 31.04, 视频编解码器: h264, 音频编解码器: aac
分类: 📺央视频道, 名称: CCTV12, 总数: 195, 有效: 12, 有效率: 6.15%, IPv4: 195, IPv6: 0, 最小延迟: 5 ms, 最高速率: 69.76 M/s, 平均速率: 8.60 M/s, 最高分辨率: 1920x1080, 平均帧率: 31.77, 视频编解码器: h264, 音频编解码器: aac
分类: 📺央视频道, 名称: CCTV13, 总数: 193, 有效: 13, 有效率: 6.74%, IPv4: 193, IPv6: 0, 最小延迟: 55 ms, 最高速率: 66.22 M/s, 平均速率: 7.09 M/s, 最高分辨率: 1920x1080, 平均帧率: 33.10, 视频编解码器: h264, 音频编解码器: mp2
分类: 📺央视频道, 名称: CCTV14, 总数: 199, 有效: 12, 有效率: 6.03%, IPv4: 199, IPv6: 0, 最小延迟: 61 ms, 最高速率: 61.98 M/s, 平均速率: 8.42 M/s, 最高分辨率: 1920x1080, 平均帧率: 32.83, 视频编解码器: h264, 音频编解码器: mp2
分类: 📺央视频道, 名称: CCTV15, 总数: 181, 有效: 13, 有效率: 7.18%, IPv4: 181, IPv6: 0, 最小延迟: 64 ms, 最高速率: 51.20 M/s, 平均速率: 7.80 M/s, 最高分辨率: 1920x1080, 平均帧率: 32.74, 视频编解码器: h264, 音频编解码器: mp2
分类: 📺央视频道, 名称: CCTV16, 总数: 90, 有效: 12, 有效率: 13.33%, IPv4: 90, IPv6: 0, 最小延迟: 68 ms, 最高速率: 18.59 M/s, 平均速率: 6.85 M/s, 最高分辨率: 1920x1080, 平均帧率: 27.65, 视频编解码器: h264, 音频编解码器: aac
分类: 📺央视频道, 名称: CCTV17, 总数: 152, 有效: 17, 有效率: 11.18%, IPv4: 152, IPv6: 0, 最小延迟: 5 ms, 最高速率: 129.11 M/s, 平均速率: 27.44 M/s, 最高分辨率: 1920x1080, 平均帧率: 30.62, 视频编解码器: h264, 音频编解码器: mp2
分类: 📺央视频道, 名称: CCTV5+, 总数: 159, 有效: 5, 有效率: 3.14%, IPv4: 159, IPv6: 0, 最小延迟: 101 ms, 最高速率: 122.22 M/s, 平均速率: 53.63 M/s, 最高分辨率: 1920x1080, 平均帧率: 39.29, 视频编解码器: h264, 音频编解码器: mp2
分类: 📺央视频道, 名称: CETV1, 总数: 50, 有效: 7, 有效率: 14.00%, IPv4: 50, IPv6: 0, 最小延迟: 4 ms, 最高速率: 131.89 M/s, 平均速率: 56.80 M/s, 最高分辨率: 1920x1080, 平均帧率: 25.00, 视频编解码器: h264, 音频编解码器: mp2
分类: 📺央视频道, 名称: CETV3, 总数: 2, 有效: 0, 有效率: 0.00%, IPv4: 2, IPv6: 0, 最小延迟: 126 ms, 最高速率: 14.22 M/s, 平均速率: 0.00 M/s, 最高分辨率: 720x576, 平均帧率: 25.00, 视频编解码器: h264, 音频编解码器: aac
分类: 📺央视频道, 名称: CETV2, 总数: 35, 有效: 1, 有效率: 2.86%, IPv4: 35, IPv6: 0, 最小延迟: 4 ms, 最高速率: 47.29 M/s, 平均速率: 0.25 M/s, 最高分辨率: 1280x720, 平均帧率: 25.00, 视频编解码器: h264, 音频编解码器: mp2
分类: 📺央视频道, 名称: CETV4, 总数: 41, 有效: 4, 有效率: 9.76%, IPv4: 41, IPv6: 0, 最小延迟: 4 ms, 最高速率: 51.87 M/s, 平均速率: 2.22 M/s, 最高分辨率: 1920x1080, 平均帧率: 25.00, 视频编解码器: h264, 音频编解码器: mp2
分类: 📡卫视频道, 名称: 广东卫视, 总数: 236, 有效: 13, 有效率: 5.51%, IPv4: 236, IPv6: 0, 最小延迟: 121 ms, 最高速率: 27.22 M/s, 平均速率: 12.79 M/s, 最高分辨率: 1920x1080, 平均帧率: 35.23, 视频编解码器: h264, 音频编解码器: aac
分类: 📡卫视频道, 名称: 香港卫视, 总数: 8, 有效: 0, 有效率: 0.00%, IPv4: 8, IPv6: 0, 最小延迟: 5 ms, 最高速率: 45.83 M/s, 平均速率: 0.00 M/s, 最高分辨率: 19x24, 平均帧率: 25.00, 视频编解码器: rawvideo, 音频编解码器: 未知
分类: 📡卫视频道, 名称: 浙江卫视, 总数: 222, 有效: 16, 有效率: 7.21%, IPv4: 222, IPv6: 0, 最小延迟: 5 ms, 最高速率: 68.64 M/s, 平均速率: 16.10 M/s, 最高分辨率: 3840x2160, 平均帧率: 31.39, 视频编解码器: h264, 音频编解码器: aac
分类: 📡卫视频道, 名称: 湖南卫视, 总数: 213, 有效: 22, 有效率: 10.33%, IPv4: 213, IPv6: 0, 最小延迟: 46 ms, 最高速率: 131.30 M/s, 平均速率: 26.69 M/s, 最高分辨率: 3840x2160, 平均帧率: 33.75, 视频编解码器: h264, 音频编解码器: aac
分类: 📡卫视频道, 名称: 北京卫视, 总数: 240, 有效: 19, 有效率: 7.92%, IPv4: 240, IPv6: 0, 最小延迟: 60 ms, 最高速率: 107.52 M/s, 平均速率: 23.56 M/s, 最高分辨率: 3840x2160, 平均帧率: 37.50, 视频编解码器: h264, 音频编解码器: mp2
分类: 📡卫视频道, 名称: 湖北卫视, 总数: 212, 有效: 13, 有效率: 6.13%, IPv4: 212, IPv6: 0, 最小延迟: 100 ms, 最高速率: 133.85 M/s, 平均速率: 38.27 M/s, 最高分辨率: 1920x1080, 平均帧率: 34.62, 视频编解码器: h264, 音频编解码器: mp2
分类: 📡卫视频道, 名称: 黑龙江卫视, 总数: 162, 有效: 14, 有效率: 8.64%, IPv4: 162, IPv6: 0, 最小延迟: 123 ms, 最高速率: 17.40 M/s, 平均速率: 9.61 M/s, 最高分辨率: 1920x1080, 平均帧率: 33.91, 视频编解码器: h264, 音频编解码器: mp2
分类: 📡卫视频道, 名称: 安徽卫视, 总数: 188, 有效: 13, 有效率: 6.91%, IPv4: 188, IPv6: 0, 最小延迟: 90 ms, 最高速率: 130.57 M/s, 平均速率: 16.70 M/s, 最高分辨率: 1920x1080, 平均帧率: 39.00, 视频编解码器: h264, 音频编解码器: mp2
分类: 📡卫视频道, 名称: 重庆卫视, 总数: 217, 有效: 7, 有效率: 3.23%, IPv4: 217, IPv6: 0, 最小延迟: 4 ms, 最高速率: 62.94 M/s, 平均速率: 11.31 M/s, 最高分辨率: 1920x1080, 平均帧率: 32.50, 视频编解码器: h264, 音频编解码器: mp2
分类: 📡卫视频道, 名称: 东方卫视, 总数: 209, 有效: 19, 有效率: 9.09%, IPv4: 209, IPv6: 0, 最小延迟: 59 ms, 最高速率: 58.40 M/s, 平均速率: 10.51 M/s, 最高分辨率: 3840x2160, 平均帧率: 33.82, 视频编解码器: h264, 音频编解码器: aac
分类: 📡卫视频道, 名称: 东南卫视, 总数: 197, 有效: 10, 有效率: 5.08%, IPv4: 197, IPv6: 0, 最小延迟: 20 ms, 最高速率: 63.33 M/s, 平均速率: 11.68 M/s, 最高分辨率: 1920x1080, 平均帧率: 30.56, 视频编解码器: h264, 音频编解码器: mp2
分类: 📡卫视频道, 名称: 甘肃卫视, 总数: 124, 有效: 3, 有效率: 2.42%, IPv4: 124, IPv6: 0, 最小延迟: 51 ms, 最高速率: 62.76 M/s, 平均速率: 4.89 M/s, 最高分辨率: 1920x1080, 平均帧率: 30.00, 视频编解码器: h264, 音频编解码器: mp2
分类: 📡卫视频道, 名称: 广西卫视, 总数: 162, 有效: 11, 有效率: 6.79%, IPv4: 162, IPv6: 0, 最小延迟: 58 ms, 最高速率: 62.80 M/s, 平均速率: 8.77 M/s, 最高分辨率: 1920x1080, 平均帧率: 30.74, 视频编解码器: h264, 音频编解码器: mp2
分类: 📡卫视频道, 名称: 贵州卫视, 总数: 157, 有效: 8, 有效率: 5.10%, IPv4: 157, IPv6: 0, 最小延迟: 120 ms, 最高速率: 28.86 M/s, 平均速率: 11.64 M/s, 最高分辨率: 1920x1080, 平均帧率: 35.83, 视频编解码器: h264, 音频编解码器: mp2
分类: 📡卫视频道, 名称: 海南卫视, 总数: 158, 有效: 2, 有效率: 1.27%, IPv4: 158, IPv6: 0, 最小延迟: 53 ms, 最高速率: 60.42 M/s, 平均速率: 9.33 M/s, 最高分辨率: 1920x1080, 平均帧率: 25.00, 视频编解码器: h264, 音频编解码器: mp2
分类: 📡卫视频道, 名称: 河北卫视, 总数: 181, 有效: 8, 有效率: 4.42%, IPv4: 181, IPv6: 0, 最小延迟: 20 ms, 最高速率: 62.08 M/s, 平均速率: 10.32 M/s, 最高分辨率: 1920x1080, 平均帧率: 31.67, 视频编解码器: h264, 音频编解码器: mp2
分类: 📡卫视频道, 名称: 河南卫视, 总数: 213, 有效: 11, 有效率: 5.16%, IPv4: 213, IPv6: 0, 最小延迟: 54 ms, 最高速率: 67.76 M/s, 平均速率: 6.14 M/s, 最高分辨率: 1920x1080, 平均帧率: 35.52, 视频编解码器: h264, 音频编解码器: mp2
分类: 📡卫视频道, 名称: 吉林卫视, 总数: 178, 有效: 6, 有效率: 3.37%, IPv4: 178, IPv6: 0, 最小延迟: 20 ms, 最高速率: 18.49 M/s, 平均速率: 11.72 M/s, 最高分辨率: 1920x1080, 平均帧率: 31.52, 视频编解码器: h264, 音频编解码器: mp2
分类: 📡卫视频道, 名称: 江苏卫视, 总数: 228, 有效: 21, 有效率: 9.21%, IPv4: 228, IPv6: 0, 最小延迟: 101 ms, 最高速率: 127.91 M/s, 平均速率: 25.99 M/s, 最高分辨率: 3840x2160, 平均帧率: 31.43, 视频编解码器: h264, 音频编解码器: mp2
分类: 📡卫视频道, 名称: 江西卫视, 总数: 206, 有效: 15, 有效率: 7.28%, IPv4: 206, IPv6: 0, 最小延迟: 120 ms, 最高速率: 76.13 M/s, 平均速率: 18.39 M/s, 最高分辨率: 1920x1080, 平均帧率: 28.75, 视频编解码器: h264, 音频编解码器: mp2
分类: 📡卫视频道, 名称: 辽宁卫视, 总数: 202, 有效: 12, 有效率: 5.94%, IPv4: 202, IPv6: 0, 最小延迟: 98 ms, 最高速率: 134.45 M/s, 平均速率: 9.70 M/s, 最高分辨率: 1920x1080, 平均帧率: 33.75, 视频编解码器: h264, 音频编解码器: mp2
分类: 📡卫视频道, 名称: 内蒙古卫视, 总数: 109, 有效: 5, 有效率: 4.59%, IPv4: 109, IPv6: 0, 最小延迟: 120 ms, 最高速率: 15.60 M/s, 平均速率: 8.37 M/s, 最高分辨率: 1920x1080, 平均帧率: 29.58, 视频编解码器: h264, 音频编解码器: mp2
分类: 📡卫视频道, 名称: 宁夏卫视, 总数: 139, 有效: 7, 有效率: 5.04%, IPv4: 139, IPv6: 0, 最小延迟: 90 ms, 最高速率: 125.17 M/s, 平均速率: 13.28 M/s, 最高分辨率: 1920x1080, 平均帧率: 36.54, 视频编解码器: h264, 音频编解码器: mp2
分类: 📡卫视频道, 名称: 青海卫视, 总数: 154, 有效: 4, 有效率: 2.60%, IPv4: 154, IPv6: 0, 最小延迟: 125 ms, 最高速率: 18.04 M/s, 平均速率: 17.29 M/s, 最高分辨率: 1920x1080, 平均帧率: 35.42, 视频编解码器: h264, 音频编解码器: aac
分类: 📡卫视频道, 名称: 山东卫视, 总数: 193, 有效: 13, 有效率: 6.74%, IPv4: 193, IPv6: 0, 最小延迟: 113 ms, 最高速率: 119.31 M/s, 平均速率: 25.18 M/s, 最高分辨率: 3840x2160, 平均帧率: 35.56, 视频编解码器: h264, 音频编解码器: mp2
分类: 📡卫视频道, 名称: 山西卫视, 总数: 121, 有效: 12, 有效率: 9.92%, IPv4: 121, IPv6: 0, 最小延迟: 94 ms, 最高速率: 131.83 M/s, 平均速率: 47.82 M/s, 最高分辨率: 1920x1080, 平均帧率: 29.55, 视频编解码器: h264, 音频编解码器: mp2
分类: 📡卫视频道, 名称: 陕西卫视, 总数: 135, 有效: 9, 有效率: 6.67%, IPv4: 135, IPv6: 0, 最小延迟: 115 ms, 最高速率: 111.73 M/s, 平均速率: 24.66 M/s, 最高分辨率: 1920x1080, 平均帧率: 30.00, 视频编解码器: h264, 音频编解码器: mp2
分类: 📡卫视频道, 名称: 四川卫视, 总数: 176, 有效: 6, 有效率: 3.41%, IPv4: 176, IPv6: 0, 最小延迟: 60 ms, 最高速率: 60.32 M/s, 平均速率: 15.68 M/s, 最高分辨率: 3840x2160, 平均帧率: 31.52, 视频编解码器: h264, 音频编解码器: aac
分类: 📡卫视频道, 名称: 深圳卫视, 总数: 204, 有效: 22, 有效率: 10.78%, IPv4: 204, IPv6: 0, 最小延迟: 109 ms, 最高速率: 106.85 M/s, 平均速率: 21.42 M/s, 最高分辨率: 3840x2160, 平均帧率: 34.24, 视频编解码器: h264, 音频编解码器: mp2
分类: 📡卫视频道, 名称: 三沙卫视, 总数: 89, 有效: 3, 有效率: 3.37%, IPv4: 89, IPv6: 0, 最小延迟: 68 ms, 最高速率: 53.60 M/s, 平均速率: 12.52 M/s, 最高分辨率: 1920x1080, 平均帧率: 25.00, 视频编解码器: h264, 音频编解码器: aac
分类: 📡卫视频道, 名称: 天津卫视, 总数: 180, 有效: 10, 有效率: 5.56%, IPv4: 180, IPv6: 0, 最小延迟: 91 ms, 最高速率: 124.46 M/s, 平均速率: 32.82 M/s, 最高分辨率: 1920x1080, 平均帧率: 32.29, 视频编解码器: h264, 音频编解码器: mp2
分类: 📡卫视频道, 名称: 西藏卫视, 总数: 106, 有效: 10, 有效率: 9.43%, IPv4: 106, IPv6: 0, 最小延迟: 95 ms, 最高速率: 123.85 M/s, 平均速率: 30.09 M/s, 最高分辨率: 1920x1080, 平均帧率: 31.25, 视频编解码器: h264, 音频编解码器: mp2
分类: 📡卫视频道, 名称: 新疆卫视, 总数: 112, 有效: 12, 有效率: 10.71%, IPv4: 112, IPv6: 0, 最小延迟: 121 ms, 最高速率: 18.84 M/s, 平均速率: 8.69 M/s, 最高分辨率: 1920x1080, 平均帧率: 30.88, 视频编解码器: h264, 音频编解码器: mp2
分类: 📡卫视频道, 名称: 云南卫视, 总数: 145, 有效: 9, 有效率: 6.21%, IPv4: 145, IPv6: 0, 最小延迟: 56 ms, 最高速率: 61.65 M/s, 平均速率: 10.72 M/s, 最高分辨率: 1920x1080, 平均帧率: 35.34, 视频编解码器: h264, 音频编解码器: mp2
分类: 💰付费频道, 名称: 文化精品, 总数: 1, 有效: 0, 有效率: 0.00%, IPv4: 1, IPv6: 0, 最小延迟: -1 ms, 最高速率: 0.00 M/s, 平均速率: 0.00 M/s, 最高分辨率: None, 平均帧率: 未知, 视频编解码器: 未知, 音频编解码器: 未知
分类: 💰付费频道, 名称: 央视台球, 总数: 12, 有效: 4, 有效率: 33.33%, IPv4: 12, IPv6: 0, 最小延迟: 207 ms, 最高速率: 36.56 M/s, 平均速率: 15.26 M/s, 最高分辨率: 1920x1080, 平均帧率: 25.00, 视频编解码器: h264, 音频编解码器: aac
分类: 💰付费频道, 名称: 风云音乐, 总数: 33, 有效: 9, 有效率: 27.27%, IPv4: 33, IPv6: 0, 最小延迟: 264 ms, 最高速率: 17.15 M/s, 平均速率: 11.35 M/s, 最高分辨率: 1920x1080, 平均帧率: 27.50, 视频编解码器: h264, 音频编解码器: aac
分类: 💰付费频道, 名称: 第一剧场, 总数: 46, 有效: 9, 有效率: 19.57%, IPv4: 46, IPv6: 0, 最小延迟: 208 ms, 最高速率: 17.47 M/s, 平均速率: 9.51 M/s, 最高分辨率: 1920x1080, 平均帧率: 32.73, 视频编解码器: h264, 音频编解码器: aac
分类: 💰付费频道, 名称: 风云剧场, 总数: 40, 有效: 7, 有效率: 17.50%, IPv4: 40, IPv6: 0, 最小延迟: 236 ms, 最高速率: 20.74 M/s, 平均速率: 13.34 M/s, 最高分辨率: 1920x1080, 平均帧率: 25.00, 视频编解码器: h264, 音频编解码器: aac
分类: 💰付费频道, 名称: 怀旧剧场, 总数: 25, 有效: 5, 有效率: 20.00%, IPv4: 25, IPv6: 0, 最小延迟: 274 ms, 最高速率: 24.28 M/s, 平均速率: 14.95 M/s, 最高分辨率: 1920x1080, 平均帧率: 25.00, 视频编解码器: h264, 音频编解码器: aac
分类: 💰付费频道, 名称: 女性时尚, 总数: 12, 有效: 4, 有效率: 33.33%, IPv4: 12, IPv6: 0, 最小延迟: 393 ms, 最高速率: 9.42 M/s, 平均速率: 6.88 M/s, 最高分辨率: 1920x1080, 平均帧率: 30.00, 视频编解码器: h264, 音频编解码器: aac
分类: 💰付费频道, 名称: 高尔夫网球, 总数: 10, 有效: 3, 有效率: 30.00%, IPv4: 10, IPv6: 0, 最小延迟: 268 ms, 最高速率: 9.85 M/s, 平均速率: 6.96 M/s, 最高分辨率: 1920x1080, 平均帧率: 25.00, 视频编解码器: h264, 音频编解码器: aac
分类: 💰付费频道, 名称: 风云足球, 总数: 38, 有效: 9, 有效率: 23.68%, IPv4: 38, IPv6: 0, 最小延迟: 274 ms, 最高速率: 15.75 M/s, 平均速率: 12.20 M/s, 最高分辨率: 1920x1080, 平均帧率: 27.50, 视频编解码器: h264, 音频编解码器: aac
分类: 💰付费频道, 名称: 电视指南, 总数: 7, 有效: 1, 有效率: 14.29%, IPv4: 7, IPv6: 0, 最小延迟: 1602 ms, 最高速率: 0.28 M/s, 平均速率: 0.28 M/s, 最高分辨率: 1920x1080, 平均帧率: 37.50, 视频编解码器: h264, 音频编解码器: aac
分类: 💰付费频道, 名称: 世界地理, 总数: 35, 有效: 10, 有效率: 28.57%, IPv4: 35, IPv6: 0, 最小延迟: 256 ms, 最高速率: 16.96 M/s, 平均速率: 11.00 M/s, 最高分辨率: 1920x1080, 平均帧率: 29.17, 视频编解码器: h264, 音频编解码器: aac
分类: 💰付费频道, 名称: CCTV-超清影视, 总数: 1, 有效: 0, 有效率: 0.00%, IPv4: 1, IPv6: 0, 最小延迟: -1 ms, 最高速率: 0.00 M/s, 平均速率: 0.00 M/s, 最高分辨率: None, 平均帧率: 未知, 视频编解码器: 未知, 音频编解码器: 未知
分类: 💰付费频道, 名称: 兵器科技, 总数: 15, 有效: 3, 有效率: 20.00%, IPv4: 15, IPv6: 0, 最小延迟: 241 ms, 最高速率: 18.57 M/s, 平均速率: 15.53 M/s, 最高分辨率: 1920x1080, 平均帧率: 29.17, 视频编解码器: h264, 音频编解码器: aac
分类: 💰付费频道, 名称: CCTV-央视精品, 总数: 13, 有效: 5, 有效率: 38.46%, IPv4: 13, IPv6: 0, 最小延迟: 140 ms, 最高速率: 13.09 M/s, 平均速率: 8.81 M/s, 最高分辨率: 1920x1080, 平均帧率: 31.67, 视频编解码器: h264, 音频编解码器: aac
分类: 💰付费频道, 名称: CCTV-怀旧经典, 总数: 19, 有效: 4, 有效率: 21.05%, IPv4: 19, IPv6: 0, 最小延迟: 143 ms, 最高速率: 16.63 M/s, 平均速率: 10.44 M/s, 最高分辨率: 1920x1080, 平均帧率: 25.00, 视频编解码器: h264, 音频编解码器: aac
分类: 💰付费频道, 名称: CCTV-高尔夫·网球, 总数: 17, 有效: 4, 有效率: 23.53%, IPv4: 17, IPv6: 0, 最小延迟: 152 ms, 最高速率: 16.06 M/s, 平均速率: 8.66 M/s, 最高分辨率: 1920x1080, 平均帧率: 25.00, 视频编解码器: h264, 音频编解码器: aac
分类: 💰付费频道, 名称: CHC家庭影院频道, 总数: 62, 有效: 7, 有效率: 11.29%, IPv4: 62, IPv6: 0, 最小延迟: 122 ms, 最高速率: 17.53 M/s, 平均速率: 9.50 M/s, 最高分辨率: 1920x1080, 平均帧率: 30.00, 视频编解码器: h264, 音频编解码器: aac
分类: 💰付费频道, 名称: CHC高清电影, 总数: 10, 有效: 0, 有效率: 0.00%, IPv4: 10, IPv6: 0, 最小延迟: 3001 ms, 最高速率: 0.41 M/s, 平均速率: 0.00 M/s, 最高分辨率: None, 平均帧率: 未知, 视频编解码器: 未知, 音频编解码器: 未知
分类: 💰付费频道, 名称: CHC动作电影, 总数: 61, 有效: 5, 有效率: 8.20%, IPv4: 61, IPv6: 0, 最小延迟: 123 ms, 最高速率: 12.46 M/s, 平均速率: 9.82 M/s, 最高分辨率: 1920x1080, 平均帧率: 32.14, 视频编解码器: h264, 音频编解码器: mp2
分类: 💰付费频道, 名称: 中华美食, 总数: 1, 有效: 0, 有效率: 0.00%, IPv4: 1, IPv6: 0, 最小延迟: -1 ms, 最高速率: 0.00 M/s, 平均速率: 0.00 M/s, 最高分辨率: None, 平均帧率: 未知, 视频编解码器: 未知, 音频编解码器: 未知
分类: 💰付费频道, 名称: 新动漫, 总数: 22, 有效: 1, 有效率: 4.55%, IPv4: 22, IPv6: 0, 最小延迟: 66 ms, 最高速率: 0.36 M/s, 平均速率: 0.36 M/s, 最高分辨率: 1920x1080, 平均帧率: 28.33, 视频编解码器: h264, 音频编解码器: aac
分类: 💰付费频道, 名称: 乒羽, 总数: 6, 有效: 0, 有效率: 0.00%, IPv4: 6, IPv6: 0, 最小延迟: 70 ms, 最高速率: 0.03 M/s, 平均速率: 0.00 M/s, 最高分辨率: 1920x1080, 平均帧率: 30.00, 视频编解码器: h264, 音频编解码器: aac
分类: 💰付费频道, 名称: 快乐垂钓, 总数: 36, 有效: 5, 有效率: 13.89%, IPv4: 36, IPv6: 0, 最小延迟: 110 ms, 最高速率: 125.49 M/s, 平均速率: 73.98 M/s, 最高分辨率: 1920x1080, 平均帧率: 25.00, 视频编解码器: h264, 音频编解码器: mp2
分类: 💰付费频道, 名称: 武术世界, 总数: 11, 有效: 0, 有效率: 0.00%, IPv4: 11, IPv6: 0, 最小延迟: 1168 ms, 最高速率: 0.36 M/s, 平均速率: 0.00 M/s, 最高分辨率: None, 平均帧率: 未知, 视频编解码器: 未知, 音频编解码器: 未知
分类: 💰付费频道, 名称: 四海钓鱼, 总数: 23, 有效: 1, 有效率: 4.35%, IPv4: 23, IPv6: 0, 最小延迟: 1107 ms, 最高速率: 0.37 M/s, 平均速率: 0.37 M/s, 最高分辨率: 1280x720, 平均帧率: 25.00, 视频编解码器: h264, 音频编解码器: aac
分类: 💰付费频道, 名称: 环球旅游, 总数: 6, 有效: 1, 有效率: 16.67%, IPv4: 6, IPv6: 0, 最小延迟: 1121 ms, 最高速率: 0.36 M/s, 平均速率: 0.36 M/s, 最高分辨率: 1280x720, 平均帧率: 25.00, 视频编解码器: h264, 音频编解码器: aac
分类: 💰付费频道, 名称: 最强综艺趴, 总数: 4, 有效: 1, 有效率: 25.00%, IPv4: 4, IPv6: 0, 最小延迟: 1105 ms, 最高速率: 0.33 M/s, 平均速率: 0.33 M/s, 最高分辨率: 1280x720, 平均帧率: 25.00, 视频编解码器: h264, 音频编解码器: aac
分类: 💰付费频道, 名称: 老故事, 总数: 29, 有效: 0, 有效率: 0.00%, IPv4: 29, IPv6: 0, 最小延迟: 1104 ms, 最高速率: 0.39 M/s, 平均速率: 0.00 M/s, 最高分辨率: 854x480, 平均帧率: 25.00, 视频编解码器: h264, 音频编解码器: aac
分类: 💰付费频道, 名称: 发现之旅, 总数: 24, 有效: 0, 有效率: 0.00%, IPv4: 24, IPv6: 0, 最小延迟: 1063 ms, 最高速率: 0.00 M/s, 平均速率: 0.00 M/s, 最高分辨率: None, 平均帧率: 未知, 视频编解码器: 未知, 音频编解码器: 未知
分类: 港台, 名称: 凤凰中文, 总数: 59, 有效: 3, 有效率: 5.08%, IPv4: 59, IPv6: 0, 最小延迟: 201 ms, 最高速率: 1.79 M/s, 平均速率: 1.34 M/s, 最高分辨率: 1920x1080, 平均帧率: 26.25, 视频编解码器: h264, 音频编解码器: aac
分类: 港台, 名称: 凤凰资讯, 总数: 57, 有效: 3, 有效率: 5.26%, IPv4: 57, IPv6: 0, 最小延迟: 201 ms, 最高速率: 10.96 M/s, 平均速率: 6.99 M/s, 最高分辨率: 1920x1080, 平均帧率: 30.00, 视频编解码器: h264, 音频编解码器: aac
分类: 港台, 名称: 无线新闻, 总数: 24, 有效: 0, 有效率: 0.00%, IPv4: 24, IPv6: 0, 最小延迟: 3001 ms, 最高速率: 0.13 M/s, 平均速率: 0.00 M/s, 最高分辨率: None, 平均帧率: 未知, 视频编解码器: 未知, 音频编解码器: 未知
分类: 港台, 名称: NOW新闻台, 总数: 3, 有效: 0, 有效率: 0.00%, IPv4: 3, IPv6: 0, 最小延迟: 3002 ms, 最高速率: 0.03 M/s, 平均速率: 0.00 M/s, 最高分辨率: None, 平均帧率: 未知, 视频编解码器: 未知, 音频编解码器: 未知
分类: 港台, 名称: TVBPlus, 总数: 5, 有效: 1, 有效率: 20.00%, IPv4: 5, IPv6: 0, 最小延迟: 201 ms, 最高速率: 0.46 M/s, 平均速率: 0.46 M/s, 最高分辨率: 1280x720, 平均帧率: 30.00, 视频编解码器: h264, 音频编解码器: aac
分类: 港台, 名称: TVB功夫, 总数: 6, 有效: 0, 有效率: 0.00%, IPv4: 6, IPv6: 0, 最小延迟: -1 ms, 最高速率: 0.00 M/s, 平均速率: 0.00 M/s, 最高分辨率: None, 平均帧率: 未知, 视频编解码器: 未知, 音频编解码器: 未知
分类: 港台, 名称: 八度空间, 总数: 5, 有效: 0, 有效率: 0.00%, IPv4: 5, IPv6: 0, 最小延迟: -1 ms, 最高速率: 0.00 M/s, 平均速率: 0.00 M/s, 最高分辨率: None, 平均帧率: 未知, 视频编解码器: 未知, 音频编解码器: 未知
分类: 港台, 名称: CHU, 总数: 2, 有效: 0, 有效率: 0.00%, IPv4: 2, IPv6: 0, 最小延迟: -1 ms, 最高速率: 0.00 M/s, 平均速率: 0.00 M/s, 最高分辨率: None, 平均帧率: 未知, 视频编解码器: 未知, 音频编解码器: 未知
分类: 港台, 名称: CH5, 总数: 2, 有效: 0, 有效率: 0.00%, IPv4: 2, IPv6: 0, 最小延迟: -1 ms, 最高速率: 0.00 M/s, 平均速率: 0.00 M/s, 最高分辨率: None, 平均帧率: 未知, 视频编解码器: 未知, 音频编解码器: 未知
分类: 港台, 名称: CH8, 总数: 2, 有效: 0, 有效率: 0.00%, IPv4: 2, IPv6: 0, 最小延迟: -1 ms, 最高速率: 0.00 M/s, 平均速率: 0.00 M/s, 最高分辨率: None, 平均帧率: 未知, 视频编解码器: 未知, 音频编解码器: 未知
分类: 港台, 名称: 澳视澳门, 总数: 9, 有效: 0, 有效率: 0.00%, IPv4: 9, IPv6: 0, 最小延迟: 3002 ms, 最高速率: 0.03 M/s, 平均速率: 0.00 M/s, 最高分辨率: None, 平均帧率: 未知, 视频编解码器: 未知, 音频编解码器: 未知
分类: 港台, 名称: HOY77, 总数: 13, 有效: 0, 有效率: 0.00%, IPv4: 13, IPv6: 0, 最小延迟: 3002 ms, 最高速率: 0.06 M/s, 平均速率: 0.00 M/s, 最高分辨率: None, 平均帧率: 未知, 视频编解码器: 未知, 音频编解码器: 未知
分类: 港台, 名称: 翡翠台, 总数: 52, 有效: 2, 有效率: 3.85%, IPv4: 52, IPv6: 0, 最小延迟: 202 ms, 最高速率: 0.45 M/s, 平均速率: 0.43 M/s, 最高分辨率: 1920x1080, 平均帧率: 36.67, 视频编解码器: h264, 音频编解码器: aac
分类: 港台, 名称: 台视, 总数: 14, 有效: 2, 有效率: 14.29%, IPv4: 14, IPv6: 0, 最小延迟: 188 ms, 最高速率: 12.83 M/s, 平均速率: 6.64 M/s, 最高分辨率: 1920x1080, 平均帧率: 30.00, 视频编解码器: hevc, 音频编解码器: aac
分类: BBC, 名称: BBC, 总数: 1, 有效: 0, 有效率: 0.00%, IPv4: 1, IPv6: 0, 最小延迟: -1 ms, 最高速率: 0.00 M/s, 平均速率: 0.00 M/s, 最高分辨率: None, 平均帧率: 未知, 视频编解码器: 未知, 音频编解码器: 未知
分类: 港台, 名称: 星空卫视, 总数: 13, 有效: 0, 有效率: 0.00%, IPv4: 13, IPv6: 0, 最小延迟: 3001 ms, 最高速率: 0.11 M/s, 平均速率: 0.00 M/s, 最高分辨率: 1920x1080, 平均帧率: 50.00, 视频编解码器: h264, 音频编解码器: mp2
分类: BBC, 名称: CBS, 总数: 1, 有效: 0, 有效率: 0.00%, IPv4: 1, IPv6: 0, 最小延迟: -1 ms, 最高速率: 0.00 M/s, 平均速率: 0.00 M/s, 最高分辨率: None, 平均帧率: 未知, 视频编解码器: 未知, 音频编解码器: 未知
分类: BBC, 名称: Earth, 总数: 4, 有效: 0, 有效率: 0.00%, IPv4: 4, IPv6: 0, 最小延迟: -1 ms, 最高速率: 0.00 M/s, 平均速率: 0.00 M/s, 最高分辨率: None, 平均帧率: 未知, 视频编解码器: 未知, 音频编解码器: 未知
分类: BBC, 名称: NEWS, 总数: 1, 有效: 0, 有效率: 0.00%, IPv4: 1, IPv6: 0, 最小延迟: -1 ms, 最高速率: 0.00 M/s, 平均速率: 0.00 M/s, 最高分辨率: None, 平均帧率: 未知, 视频编解码器: 未知, 音频编解码器: 未知
分类: ☘️江苏频道, 名称: 江苏卫视4K, 总数: 6, 有效: 0, 有效率: 0.00%, IPv4: 6, IPv6: 0, 最小延迟: -1 ms, 最高速率: 0.00 M/s, 平均速率: 0.00 M/s, 最高分辨率: None, 平均帧率: 未知, 视频编解码器: 未知, 音频编解码器: 未知
分类: ☘️江苏频道, 名称: 东海新闻, 总数: 1, 有效: 0, 有效率: 0.00%, IPv4: 1, IPv6: 0, 最小延迟: -1 ms, 最高速率: 0.00 M/s, 平均速率: 0.00 M/s, 最高分辨率: None, 平均帧率: 未知, 视频编解码器: 未知, 音频编解码器: 未知
分类: ☘️江苏频道, 名称: 六合新闻综合, 总数: 1, 有效: 0, 有效率: 0.00%, IPv4: 1, IPv6: 0, 最小延迟: -1 ms, 最高速率: 0.00 M/s, 平均速率: 0.00 M/s, 最高分辨率: None, 平均帧率: 未知, 视频编解码器: 未知, 音频编解码器: 未知
分类: ☘️江苏频道, 名称: 南京信息, 总数: 3, 有效: 0, 有效率: 0.00%, IPv4: 3, IPv6: 0, 最小延迟: -1 ms, 最高速率: 0.00 M/s, 平均速率: 0.00 M/s, 最高分辨率: None, 平均帧率: 未知, 视频编解码器: 未知, 音频编解码器: 未知
分类: ☘️江苏频道, 名称: 优漫卡通, 总数: 46, 有效: 1, 有效率: 2.17%, IPv4: 46, IPv6: 0, 最小延迟: 67 ms, 最高速率: 14.00 M/s, 平均速率: 9.23 M/s, 最高分辨率: 1920x1080, 平均帧率: 26.43, 视频编解码器: h264, 音频编解码器: aac
分类: ☘️江苏频道, 名称: 南京娱乐, 总数: 3, 有效: 0, 有效率: 0.00%, IPv4: 3, IPv6: 0, 最小延迟: -1 ms, 最高速率: 0.00 M/s, 平均速率: 0.00 M/s, 最高分辨率: None, 平均帧率: 未知, 视频编解码器: 未知, 音频编解码器: 未知
分类: ☘️江苏频道, 名称: 南京少儿, 总数: 5, 有效: 0, 有效率: 0.00%, IPv4: 5, IPv6: 0, 最小延迟: 1222 ms, 最高速率: 0.22 M/s, 平均速率: 0.00 M/s, 最高分辨率: 720x484, 平均帧率: 30.00, 视频编解码器: h264, 音频编解码器: aac
分类: ☘️江苏频道, 名称: 南京十八, 总数: 7, 有效: 0, 有效率: 0.00%, IPv4: 7, IPv6: 0, 最小延迟: 1324 ms, 最高速率: 0.25 M/s, 平均速率: 0.00 M/s, 最高分辨率: 1280x1056, 平均帧率: 25.00, 视频编解码器: h264, 音频编解码器: aac
分类: ☘️江苏频道, 名称: 南京教科, 总数: 7, 有效: 0, 有效率: 0.00%, IPv4: 7, IPv6: 0, 最小延迟: 1368 ms, 最高速率: 0.03 M/s, 平均速率: 0.00 M/s, 最高分辨率: None, 平均帧率: 未知, 视频编解码器: 未知, 音频编解码器: 未知
分类: ☘️江苏频道, 名称: 南京新闻综合, 总数: 7, 有效: 0, 有效率: 0.00%, IPv4: 7, IPv6: 0, 最小延迟: 1274 ms, 最高速率: 0.19 M/s, 平均速率: 0.00 M/s, 最高分辨率: 540x960, 平均帧率: 50.00, 视频编解码器: h264, 音频编解码器: aac
分类: ☘️江苏频道, 名称: 南通新闻综合, 总数: 7, 有效: 0, 有效率: 0.00%, IPv4: 7, IPv6: 0, 最小延迟: 1117 ms, 最高速率: 0.22 M/s, 平均速率: 0.00 M/s, 最高分辨率: None, 平均帧率: 未知, 视频编解码器: 未知, 音频编解码器: 未知
分类: ☘️江苏频道, 名称: 句容影院, 总数: 1, 有效: 0, 有效率: 0.00%, IPv4: 1, IPv6: 0, 最小延迟: 831 ms, 最高速率: 0.14 M/s, 平均速率: 0.00 M/s, 最高分辨率: 720x576, 平均帧率: 25.00, 视频编解码器: h264, 音频编解码器: aac
分类: ☘️江苏频道, 名称: 句容党建, 总数: 4, 有效: 0, 有效率: 0.00%, IPv4: 4, IPv6: 0, 最小延迟: 818 ms, 最高速率: 0.14 M/s, 平均速率: 0.00 M/s, 最高分辨率: 720x576, 平均帧率: 25.00, 视频编解码器: h264, 音频编解码器: aac
分类: ☘️江苏频道, 名称: 句容新闻综合, 总数: 2, 有效: 0, 有效率: 0.00%, IPv4: 2, IPv6: 0, 最小延迟: 1050 ms, 最高速率: 0.21 M/s, 平均速率: 0.00 M/s, 最高分辨率: None, 平均帧率: 未知, 视频编解码器: 未知, 音频编解码器: 未知
分类: ☘️江苏频道, 名称: 姜堰新闻综合, 总数: 2, 有效: 0, 有效率: 0.00%, IPv4: 2, IPv6: 0, 最小延迟: -1 ms, 最高速率: 0.00 M/s, 平均速率: 0.00 M/s, 最高分辨率: None, 平均帧率: 未知, 视频编解码器: 未知, 音频编解码器: 未知
分类: ☘️江苏频道, 名称: 宜兴新闻, 总数: 2, 有效: 0, 有效率: 0.00%, IPv4: 2, IPv6: 0, 最小延迟: -1 ms, 最高速率: 0.00 M/s, 平均速率: 0.00 M/s, 最高分辨率: None, 平均帧率: 未知, 视频编解码器: 未知, 音频编解码器: 未知
分类: ☘️江苏频道, 名称: 常州公共, 总数: 1, 有效: 0, 有效率: 0.00%, IPv4: 1, IPv6: 0, 最小延迟: -1 ms, 最高速率: 0.00 M/s, 平均速率: 0.00 M/s, 最高分辨率: None, 平均帧率: 未知, 视频编解码器: 未知, 音频编解码器: 未知
分类: ☘️江苏频道, 名称: 常州生活, 总数: 1, 有效: 0, 有效率: 0.00%, IPv4: 1, IPv6: 0, 最小延迟: -1 ms, 最高速率: 0.00 M/s, 平均速率: 0.00 M/s, 最高分辨率: None, 平均帧率: 未知, 视频编解码器: 未知, 音频编解码器: 未知
分类: ☘️江苏频道, 名称: 常州都市, 总数: 2, 有效: 0, 有效率: 0.00%, IPv4: 2, IPv6: 0, 最小延迟: -1 ms, 最高速率: 0.00 M/s, 平均速率: 0.00 M/s, 最高分辨率: None, 平均帧率: 未知, 视频编解码器: 未知, 音频编解码器: 未知
分类: ☘️江苏频道, 名称: 句容生活, 总数: 3, 有效: 0, 有效率: 0.00%, IPv4: 3, IPv6: 0, 最小延迟: 1101 ms, 最高速率: 0.21 M/s, 平均速率: 0.00 M/s, 最高分辨率: 720x576, 平均帧率: 25.00, 视频编解码器: h264, 音频编解码器: aac
分类: ☘️江苏频道, 名称: 常熟民生, 总数: 1, 有效: 0, 有效率: 0.00%, IPv4: 1, IPv6: 0, 最小延迟: -1 ms, 最高速率: 0.00 M/s, 平均速率: 0.00 M/s, 最高分辨率: None, 平均帧率: 未知, 视频编解码器: 未知, 音频编解码器: 未知
分类: ☘️江苏频道, 名称: 无锡娱乐, 总数: 1, 有效: 0, 有效率: 0.00%, IPv4: 1, IPv6: 0, 最小延迟: -1 ms, 最高速率: 0.00 M/s, 平均速率: 0.00 M/s, 最高分辨率: None, 平均帧率: 未知, 视频编解码器: 未知, 音频编解码器: 未知
分类: ☘️江苏频道, 名称: 张家港新闻综合, 总数: 2, 有效: 0, 有效率: 0.00%, IPv4: 2, IPv6: 0, 最小延迟: -1 ms, 最高速率: 0.00 M/s, 平均速率: 0.00 M/s, 最高分辨率: None, 平均帧率: 未知, 视频编解码器: 未知, 音频编解码器: 未知
分类: ☘️江苏频道, 名称: 无锡生活, 总数: 1, 有效: 0, 有效率: 0.00%, IPv4: 1, IPv6: 0, 最小延迟: -1 ms, 最高速率: 0.00 M/s, 平均速率: 0.00 M/s, 最高分辨率: None, 平均帧率: 未知, 视频编解码器: 未知, 音频编解码器: 未知
分类: ☘️江苏频道, 名称: 无锡经济, 总数: 1, 有效: 0, 有效率: 0.00%, IPv4: 1, IPv6: 0, 最小延迟: -1 ms, 最高速率: 0.00 M/s, 平均速率: 0.00 M/s, 最高分辨率: None, 平均帧率: 未知, 视频编解码器: 未知, 音频编解码器: 未知
分类: ☘️江苏频道, 名称: 徐州公共, 总数: 1, 有效: 1, 有效率: 100.00%, IPv4: 1, IPv6: 0, 最小延迟: 2887 ms, 最高速率: 0.28 M/s, 平均速率: 0.28 M/s, 最高分辨率: 1280x720, 平均帧率: 25.00, 视频编解码器: h264, 音频编解码器: aac
分类: ☘️江苏频道, 名称: 无锡新闻综合, 总数: 2, 有效: 0, 有效率: 0.00%, IPv4: 2, IPv6: 0, 最小延迟: 1576 ms, 最高速率: 0.18 M/s, 平均速率: 0.00 M/s, 最高分辨率: 640x464, 平均帧率: 25.00, 视频编解码器: h264, 音频编解码器: aac
分类: ☘️江苏频道, 名称: 武进新闻, 总数: 1, 有效: 0, 有效率: 0.00%, IPv4: 1, IPv6: 0, 最小延迟: 3002 ms, 最高速率: 0.06 M/s, 平均速率: 0.00 M/s, 最高分辨率: None, 平均帧率: 未知, 视频编解码器: 未知, 音频编解码器: 未知
分类: ☘️江苏频道, 名称: 江苏公共, 总数: 1, 有效: 0, 有效率: 0.00%, IPv4: 1, IPv6: 0, 最小延迟: -1 ms, 最高速率: 0.00 M/s, 平均速率: 0.00 M/s, 最高分辨率: None, 平均帧率: 未知, 视频编解码器: 未知, 音频编解码器: 未知
分类: ☘️江苏频道, 名称: 江苏体育, 总数: 3, 有效: 0, 有效率: 0.00%, IPv4: 3, IPv6: 0, 最小延迟: -1 ms, 最高速率: 0.00 M/s, 平均速率: 0.00 M/s, 最高分辨率: None, 平均帧率: 未知, 视频编解码器: 未知, 音频编解码器: 未知
分类: ☘️江苏频道, 名称: 武进生活, 总数: 4, 有效: 0, 有效率: 0.00%, IPv4: 4, IPv6: 0, 最小延迟: 3001 ms, 最高速率: 0.08 M/s, 平均速率: 0.00 M/s, 最高分辨率: None, 平均帧率: 未知, 视频编解码器: 未知, 音频编解码器: 未知
分类: ☘️江苏频道, 名称: 江苏城市, 总数: 5, 有效: 0, 有效率: 0.00%, IPv4: 5, IPv6: 0, 最小延迟: 1913 ms, 最高速率: 0.19 M/s, 平均速率: 0.00 M/s, 最高分辨率: None, 平均帧率: 未知, 视频编解码器: 未知, 音频编解码器: 未知
分类: ☘️江苏频道, 名称: 江苏影视, 总数: 5, 有效: 0, 有效率: 0.00%, IPv4: 5, IPv6: 0, 最小延迟: 1292 ms, 最高速率: 0.04 M/s, 平均速率: 0.00 M/s, 最高分辨率: None, 平均帧率: 未知, 视频编解码器: 未知, 音频编解码器: 未知
分类: ☘️江苏频道, 名称: 沛县新闻综合, 总数: 2, 有效: 0, 有效率: 0.00%, IPv4: 2, IPv6: 0, 最小延迟: -1 ms, 最高速率: 0.00 M/s, 平均速率: 0.00 M/s, 最高分辨率: None, 平均帧率: 未知, 视频编解码器: 未知, 音频编解码器: 未知
分类: ☘️江苏频道, 名称: 江苏教育, 总数: 7, 有效: 0, 有效率: 0.00%, IPv4: 7, IPv6: 0, 最小延迟: 1139 ms, 最高速率: 0.11 M/s, 平均速率: 0.00 M/s, 最高分辨率: 854x480, 平均帧率: 25.00, 视频编解码器: h264, 音频编解码器: aac
分类: ☘️江苏频道, 名称: 泗洪新闻综合, 总数: 5, 有效: 0, 有效率: 0.00%, IPv4: 5, IPv6: 0, 最小延迟: -1 ms, 最高速率: 0.00 M/s, 平均速率: 0.00 M/s, 最高分辨率: None, 平均帧率: 未知, 视频编解码器: 未知, 音频编解码器: 未知
分类: ☘️江苏频道, 名称: 泗阳综合, 总数: 4, 有效: 0, 有效率: 0.00%, IPv4: 4, IPv6: 0, 最小延迟: -1 ms, 最高速率: 0.00 M/s, 平均速率: 0.00 M/s, 最高分辨率: None, 平均帧率: 未知, 视频编解码器: 未知, 音频编解码器: 未知
分类: ☘️江苏频道, 名称: 海安新闻综合, 总数: 2, 有效: 0, 有效率: 0.00%, IPv4: 2, IPv6: 0, 最小延迟: -1 ms, 最高速率: 0.00 M/s, 平均速率: 0.00 M/s, 最高分辨率: None, 平均帧率: 未知, 视频编解码器: 未知, 音频编解码器: 未知
分类: ☘️江苏频道, 名称: 泗阳资讯, 总数: 5, 有效: 0, 有效率: 0.00%, IPv4: 5, IPv6: 0, 最小延迟: -1 ms, 最高速率: 0.00 M/s, 平均速率: 0.00 M/s, 最高分辨率: None, 平均帧率: 未知, 视频编解码器: 未知, 音频编解码器: 未知
分类: ☘️江苏频道, 名称: 淮安影院娱乐, 总数: 2, 有效: 0, 有效率: 0.00%, IPv4: 2, IPv6: 0, 最小延迟: -1 ms, 最高速率: 0.00 M/s, 平均速率: 0.00 M/s, 最高分辨率: None, 平均帧率: 未知, 视频编解码器: 未知, 音频编解码器: 未知
分类: ☘️江苏频道, 名称: 淮安新闻综合, 总数: 6, 有效: 0, 有效率: 0.00%, IPv4: 6, IPv6: 0, 最小延迟: 1198 ms, 最高速率: 0.23 M/s, 平均速率: 0.00 M/s, 最高分辨率: None, 平均帧率: 未知, 视频编解码器: 未知, 音频编解码器: 未知
分类: ☘️江苏频道, 名称: 溧水新闻综合, 总数: 5, 有效: 1, 有效率: 20.00%, IPv4: 5, IPv6: 0, 最小延迟: 1230 ms, 最高速率: 0.21 M/s, 平均速率: 0.21 M/s, 最高分辨率: 1280x720, 平均帧率: 25.00, 视频编解码器: h264, 音频编解码器: aac
分类: ☘️江苏频道, 名称: 睢宁三农, 总数: 3, 有效: 0, 有效率: 0.00%, IPv4: 3, IPv6: 0, 最小延迟: -1 ms, 最高速率: 0.00 M/s, 平均速率: 0.00 M/s, 最高分辨率: None, 平均帧率: 未知, 视频编解码器: 未知, 音频编解码器: 未知
分类: ☘️江苏频道, 名称: 睢宁生活教育, 总数: 3, 有效: 0, 有效率: 0.00%, IPv4: 3, IPv6: 0, 最小延迟: -1 ms, 最高速率: 0.00 M/s, 平均速率: 0.00 M/s, 最高分辨率: None, 平均帧率: 未知, 视频编解码器: 未知, 音频编解码器: 未知
分类: ☘️江苏频道, 名称: 睢宁资讯, 总数: 2, 有效: 0, 有效率: 0.00%, IPv4: 2, IPv6: 0, 最小延迟: -1 ms, 最高速率: 0.00 M/s, 平均速率: 0.00 M/s, 最高分辨率: None, 平均帧率: 未知, 视频编解码器: 未知, 音频编解码器: 未知
分类: ☘️江苏频道, 名称: 睢宁综合, 总数: 4, 有效: 1, 有效率: 25.00%, IPv4: 4, IPv6: 0, 最小延迟: 421 ms, 最高速率: 1.30 M/s, 平均速率: 1.30 M/s, 最高分辨率: 1280x720, 平均帧率: 25.00, 视频编解码器: h264, 音频编解码器: aac
分类: ☘️江苏频道, 名称: 滨海新闻综合, 总数: 6, 有效: 1, 有效率: 16.67%, IPv4: 6, IPv6: 0, 最小延迟: 93 ms, 最高速率: 3.64 M/s, 平均速率: 3.64 M/s, 最高分辨率: 1920x1080, 平均帧率: 25.00, 视频编解码器: h264, 音频编解码器: aac
分类: ☘️江苏频道, 名称: 苏州4k, 总数: 3, 有效: 0, 有效率: 0.00%, IPv4: 3, IPv6: 0, 最小延迟: 1754 ms, 最高速率: 0.42 M/s, 平均速率: 0.00 M/s, 最高分辨率: None, 平均帧率: 未知, 视频编解码器: 未知, 音频编解码器: 未知
分类: ☘️江苏频道, 名称: 苏州文化生活, 总数: 3, 有效: 1, 有效率: 33.33%, IPv4: 3, IPv6: 0, 最小延迟: 896 ms, 最高速率: 0.57 M/s, 平均速率: 0.57 M/s, 最高分辨率: 1280x720, 平均帧率: 25.00, 视频编解码器: h264, 音频编解码器: aac
分类: ☘️江苏频道, 名称: 苏州新闻综合, 总数: 5, 有效: 1, 有效率: 20.00%, IPv4: 5, IPv6: 0, 最小延迟: 588 ms, 最高速率: 1.25 M/s, 平均速率: 1.25 M/s, 最高分辨率: 1920x1080, 平均帧率: 25.00, 视频编解码器: h264, 音频编解码器: aac
分类: ☘️江苏频道, 名称: 贾汪旅游, 总数: 1, 有效: 0, 有效率: 0.00%, IPv4: 1, IPv6: 0, 最小延迟: -1 ms, 最高速率: 0.00 M/s, 平均速率: 0.00 M/s, 最高分辨率: None, 平均帧率: 未知, 视频编解码器: 未知, 音频编解码器: 未知
分类: ☘️江苏频道, 名称: 赣榆新闻综合, 总数: 2, 有效: 0, 有效率: 0.00%, IPv4: 2, IPv6: 0, 最小延迟: -1 ms, 最高速率: 0.00 M/s, 平均速率: 0.00 M/s, 最高分辨率: None, 平均帧率: 未知, 视频编解码器: 未知, 音频编解码器: 未知
分类: ☘️江苏频道, 名称: 苏州生活资讯, 总数: 2, 有效: 1, 有效率: 50.00%, IPv4: 2, IPv6: 0, 最小延迟: 1086 ms, 最高速率: 0.33 M/s, 平均速率: 0.33 M/s, 最高分辨率: 1280x720, 平均帧率: 25.00, 视频编解码器: h264, 音频编解码器: aac
分类: ☘️江苏频道, 名称: 连云港公共, 总数: 2, 有效: 0, 有效率: 0.00%, IPv4: 2, IPv6: 0, 最小延迟: -1 ms, 最高速率: 0.00 M/s, 平均速率: 0.00 M/s, 最高分辨率: None, 平均帧率: 未知, 视频编解码器: 未知, 音频编解码器: 未知
分类: ☘️江苏频道, 名称: 苏州社会经济, 总数: 3, 有效: 1, 有效率: 33.33%, IPv4: 3, IPv6: 0, 最小延迟: 1214 ms, 最高速率: 0.84 M/s, 平均速率: 0.84 M/s, 最高分辨率: 1280x720, 平均帧率: 25.00, 视频编解码器: h264, 音频编解码器: aac
分类: ☘️江苏频道, 名称: 镇江二套社会民生, 总数: 1, 有效: 0, 有效率: 0.00%, IPv4: 1, IPv6: 0, 最小延迟: 1111 ms, 最高速率: 0.34 M/s, 平均速率: 0.00 M/s, 最高分辨率: 1920x1080, 平均帧率: 25.00, 视频编解码器: h264, 音频编解码器: aac
分类: ☘️江苏频道, 名称: 连云港新闻综合, 总数: 7, 有效: 0, 有效率: 0.00%, IPv4: 7, IPv6: 0, 最小延迟: 1062 ms, 最高速率: 0.14 M/s, 平均速率: 0.00 M/s, 最高分辨率: 854x480, 平均帧率: 25.00, 视频编解码器: h264, 音频编解码器: aac
分类: ☘️江苏频道, 名称: 镇江新闻综合, 总数: 10, 有效: 0, 有效率: 0.00%, IPv4: 10, IPv6: 0, 最小延迟: 1003 ms, 最高速率: 0.35 M/s, 平均速率: 0.00 M/s, 最高分辨率: 1920x1080, 平均帧率: 25.00, 视频编解码器: h264, 音频编解码器: aac
分类: ☘️江苏频道, 名称: 靖江新闻综合, 总数: 5, 有效: 0, 有效率: 0.00%, IPv4: 5, IPv6: 0, 最小延迟: 3001 ms, 最高速率: 0.17 M/s, 平均速率: 0.00 M/s, 最高分辨率: None, 平均帧率: 未知, 视频编解码器: 未知, 音频编解码器: 未知
分类: ☘️安徽频道, 名称: 安徽国际, 总数: 7, 有效: 0, 有效率: 0.00%, IPv4: 7, IPv6: 0, 最小延迟: -1 ms, 最高速率: 0.00 M/s, 平均速率: 0.00 M/s, 最高分辨率: None, 平均帧率: 未知, 视频编解码器: 未知, 音频编解码器: 未知
分类: ☘️安徽频道, 名称: 安徽影视, 总数: 8, 有效: 0, 有效率: 0.00%, IPv4: 8, IPv6: 0, 最小延迟: 3001 ms, 最高速率: 0.12 M/s, 平均速率: 0.00 M/s, 最高分辨率: None, 平均帧率: 未知, 视频编解码器: 未知, 音频编解码器: 未知
分类: ☘️安徽频道, 名称: 安徽经济生活, 总数: 5, 有效: 0, 有效率: 0.00%, IPv4: 5, IPv6: 0, 最小延迟: 3001 ms, 最高速率: 0.23 M/s, 平均速率: 0.00 M/s, 最高分辨率: None, 平均帧率: 未知, 视频编解码器: 未知, 音频编解码器: 未知
分类: ☘️安徽频道, 名称: 安徽综艺体育, 总数: 3, 有效: 0, 有效率: 0.00%, IPv4: 3, IPv6: 0, 最小延迟: 3001 ms, 最高速率: 0.07 M/s, 平均速率: 0.00 M/s, 最高分辨率: None, 平均帧率: 未知, 视频编解码器: 未知, 音频编解码器: 未知
分类: ☘️安徽频道, 名称: 安徽导视, 总数: 2, 有效: 0, 有效率: 0.00%, IPv4: 2, IPv6: 0, 最小延迟: -1 ms, 最高速率: 0.00 M/s, 平均速率: 0.00 M/s, 最高分辨率: None, 平均帧率: 未知, 视频编解码器: 未知, 音频编解码器: 未知
分类: ☘️安徽频道, 名称: 合肥新闻, 总数: 7, 有效: 0, 有效率: 0.00%, IPv4: 7, IPv6: 0, 最小延迟: 3002 ms, 最高速率: 0.09 M/s, 平均速率: 0.00 M/s, 最高分辨率: None, 平均帧率: 未知, 视频编解码器: 未知, 音频编解码器: 未知
分类: ☘️安徽频道, 名称: 黄山新闻综合, 总数: 1, 有效: 0, 有效率: 0.00%, IPv4: 1, IPv6: 0, 最小延迟: -1 ms, 最高速率: 0.00 M/s, 平均速率: 0.00 M/s, 最高分辨率: None, 平均帧率: 未知, 视频编解码器: 未知, 音频编解码器: 未知
分类: ☘️安徽频道, 名称: 固镇新闻, 总数: 3, 有效: 0, 有效率: 0.00%, IPv4: 3, IPv6: 0, 最小延迟: 1970 ms, 最高速率: 0.47 M/s, 平均速率: 0.00 M/s, 最高分辨率: 1920x1080, 平均帧率: 25.00, 视频编解码器: h264, 音频编解码器: aac
分类: ☘️安徽频道, 名称: 铜陵新闻综合, 总数: 2, 有效: 0, 有效率: 0.00%, IPv4: 2, IPv6: 0, 最小延迟: -1 ms, 最高速率: 0.00 M/s, 平均速率: 0.00 M/s, 最高分辨率: None, 平均帧率: 未知, 视频编解码器: 未知, 音频编解码器: 未知
分类: ☘️安徽频道, 名称: 芜湖新闻综合, 总数: 3, 有效: 0, 有效率: 0.00%, IPv4: 3, IPv6: 0, 最小延迟: -1 ms, 最高速率: 0.00 M/s, 平均速率: 0.00 M/s, 最高分辨率: None, 平均帧率: 未知, 视频编解码器: 未知, 音频编解码器: 未知
分类: ☘️安徽频道, 名称: 祁门综合, 总数: 3, 有效: 0, 有效率: 0.00%, IPv4: 3, IPv6: 0, 最小延迟: -1 ms, 最高速率: 0.00 M/s, 平均速率: 0.00 M/s, 最高分辨率: None, 平均帧率: 未知, 视频编解码器: 未知, 音频编解码器: 未知
分类: ☘️安徽频道, 名称: 滁州科教, 总数: 1, 有效: 0, 有效率: 0.00%, IPv4: 1, IPv6: 0, 最小延迟: -1 ms, 最高速率: 0.00 M/s, 平均速率: 0.00 M/s, 最高分辨率: None, 平均帧率: 未知, 视频编解码器: 未知, 音频编解码器: 未知
分类: ☘️安徽频道, 名称: 灵璧综合, 总数: 3, 有效: 0, 有效率: 0.00%, IPv4: 3, IPv6: 0, 最小延迟: 2926 ms, 最高速率: 0.20 M/s, 平均速率: 0.00 M/s, 最高分辨率: 640x480, 平均帧率: 25.00, 视频编解码器: h264, 音频编解码器: aac
分类: ☘️安徽频道, 名称: 滁州新闻综合, 总数: 1, 有效: 0, 有效率: 0.00%, IPv4: 1, IPv6: 0, 最小延迟: -1 ms, 最高速率: 0.00 M/s, 平均速率: 0.00 M/s, 最高分辨率: None, 平均帧率: 未知, 视频编解码器: 未知, 音频编解码器: 未知
分类: ☘️安徽频道, 名称: 滁州公共, 总数: 4, 有效: 0, 有效率: 0.00%, IPv4: 4, IPv6: 0, 最小延迟: -1 ms, 最高速率: 0.00 M/s, 平均速率: 0.00 M/s, 最高分辨率: None, 平均帧率: 未知, 视频编解码器: 未知, 音频编解码器: 未知
分类: ☘️安徽频道, 名称: 淮南新闻综合, 总数: 4, 有效: 0, 有效率: 0.00%, IPv4: 4, IPv6: 0, 最小延迟: -1 ms, 最高速率: 0.00 M/s, 平均速率: 0.00 M/s, 最高分辨率: None, 平均帧率: 未知, 视频编解码器: 未知, 音频编解码器: 未知
分类: ☘️安徽频道, 名称: 池州新闻综合, 总数: 4, 有效: 0, 有效率: 0.00%, IPv4: 4, IPv6: 0, 最小延迟: -1 ms, 最高速率: 0.00 M/s, 平均速率: 0.00 M/s, 最高分辨率: None, 平均帧率: 未知, 视频编解码器: 未知, 音频编解码器: 未知
分类: ☘️安徽频道, 名称: 涡阳新闻综合, 总数: 3, 有效: 0, 有效率: 0.00%, IPv4: 3, IPv6: 0, 最小延迟: 1751 ms, 最高速率: 0.14 M/s, 平均速率: 0.00 M/s, 最高分辨率: 544x480, 平均帧率: 25.00, 视频编解码器: h264, 音频编解码器: aac
分类: ☘️安徽频道, 名称: 岳西综合, 总数: 3, 有效: 0, 有效率: 0.00%, IPv4: 3, IPv6: 0, 最小延迟: -1 ms, 最高速率: 0.00 M/s, 平均速率: 0.00 M/s, 最高分辨率: None, 平均帧率: 未知, 视频编解码器: 未知, 音频编解码器: 未知
分类: ☘️安徽频道, 名称: 宿州新闻综合, 总数: 1, 有效: 0, 有效率: 0.00%, IPv4: 1, IPv6: 0, 最小延迟: -1 ms, 最高速率: 0.00 M/s, 平均速率: 0.00 M/s, 最高分辨率: None, 平均帧率: 未知, 视频编解码器: 未知, 音频编解码器: 未知
分类: ☘️安徽频道, 名称: 广德生活, 总数: 2, 有效: 0, 有效率: 0.00%, IPv4: 2, IPv6: 0, 最小延迟: 1564 ms, 最高速率: 0.47 M/s, 平均速率: 0.00 M/s, 最高分辨率: None, 平均帧率: 未知, 视频编解码器: 未知, 音频编解码器: 未知
分类: ☘️安徽频道, 名称: 亳州农村, 总数: 1, 有效: 0, 有效率: 0.00%, IPv4: 1, IPv6: 0, 最小延迟: -1 ms, 最高速率: 0.00 M/s, 平均速率: 0.00 M/s, 最高分辨率: None, 平均帧率: 未知, 视频编解码器: 未知, 音频编解码器: 未知
分类: 🎬电影频道, 名称: 淘剧场, 总数: 5, 有效: 0, 有效率: 0.00%, IPv4: 5, IPv6: 0, 最小延迟: -1 ms, 最高速率: 0.00 M/s, 平均速率: 0.00 M/s, 最高分辨率: None, 平均帧率: 未知, 视频编解码器: 未知, 音频编解码器: 未知
分类: 🎬电影频道, 名称: CHC高清电影, 总数: 3, 有效: 0, 有效率: 0.00%, IPv4: 3, IPv6: 0, 最小延迟: -1 ms, 最高速率: 0.00 M/s, 平均速率: 0.00 M/s, 最高分辨率: None, 平均帧率: 未知, 视频编解码器: 未知, 音频编解码器: 未知
分类: 🎬电影频道, 名称: 淘娱乐, 总数: 5, 有效: 0, 有效率: 0.00%, IPv4: 5, IPv6: 0, 最小延迟: -1 ms, 最高速率: 0.00 M/s, 平均速率: 0.00 M/s, 最高分辨率: None, 平均帧率: 未知, 视频编解码器: 未知, 音频编解码器: 未知
分类: 🎬电影频道, 名称: NewTV惊悚悬疑, 总数: 4, 有效: 0, 有效率: 0.00%, IPv4: 4, IPv6: 0, 最小延迟: -1 ms, 最高速率: 0.00 M/s, 平均速率: 0.00 M/s, 最高分辨率: None, 平均帧率: 未知, 视频编解码器: 未知, 音频编解码器: 未知
分类: 🎬电影频道, 名称: 纬来电影, 总数: 15, 有效: 0, 有效率: 0.00%, IPv4: 15, IPv6: 0, 最小延迟: -1 ms, 最高速率: 0.00 M/s, 平均速率: 0.00 M/s, 最高分辨率: None, 平均帧率: 未知, 视频编解码器: 未知, 音频编解码器: 未知
分类: 🎬电影频道, 名称: NewTV动作电影, 总数: 3, 有效: 1, 有效率: 33.33%, IPv4: 3, IPv6: 0, 最小延迟: 1859 ms, 最高速率: 0.55 M/s, 平均速率: 0.55 M/s, 最高分辨率: 1920x1080, 平均帧率: 23.98, 视频编解码器: h264, 音频编解码器: aac
分类: 🎬电影频道, 名称: 靖天映画, 总数: 15, 有效: 0, 有效率: 0.00%, IPv4: 15, IPv6: 0, 最小延迟: 367 ms, 最高速率: 0.00 M/s, 平均速率: 0.00 M/s, 最高分辨率: None, 平均帧率: 未知, 视频编解码器: 未知, 音频编解码器: 未知
分类: 🎬电影频道, 名称: 星卫娱乐, 总数: 1, 有效: 0, 有效率: 0.00%, IPv4: 1, IPv6: 0, 最小延迟: -1 ms, 最高速率: 0.00 M/s, 平均速率: 0.00 M/s, 最高分辨率: None, 平均帧率: 未知, 视频编解码器: 未知, 音频编解码器: 未知
分类: 🎬电影频道, 名称: 靖天戏剧, 总数: 13, 有效: 0, 有效率: 0.00%, IPv4: 13, IPv6: 0, 最小延迟: 518 ms, 最高速率: 0.00 M/s, 平均速率: 0.00 M/s, 最高分辨率: None, 平均帧率: 未知, 视频编解码器: 未知, 音频编解码器: 未知
分类: 🎬电影频道, 名称: IPTV经典电影, 总数: 5, 有效: 0, 有效率: 0.00%, IPv4: 5, IPv6: 0, 最小延迟: -1 ms, 最高速率: 0.00 M/s, 平均速率: 0.00 M/s, 最高分辨率: None, 平均帧率: 未知, 视频编解码器: 未知, 音频编解码器: 未知
分类: 🎬电影频道, 名称: 经典电影, 总数: 26, 有效: 0, 有效率: 0.00%, IPv4: 26, IPv6: 0, 最小延迟: 23 ms, 最高速率: 31.09 M/s, 平均速率: 0.00 M/s, 最高分辨率: 1024x768, 平均帧率: 24.00, 视频编解码器: h264, 音频编解码器: aac
分类: 🎬电影频道, 名称: 无线星河, 总数: 1, 有效: 0, 有效率: 0.00%, IPv4: 1, IPv6: 0, 最小延迟: -1 ms, 最高速率: 0.00 M/s, 平均速率: 0.00 M/s, 最高分辨率: None, 平均帧率: 未知, 视频编解码器: 未知, 音频编解码器: 未知
分类: 🎬电影频道, 名称: 天映经典, 总数: 15, 有效: 1, 有效率: 6.67%, IPv4: 15, IPv6: 0, 最小延迟: 201 ms, 最高速率: 0.46 M/s, 平均速率: 0.46 M/s, 最高分辨率: 1280x720, 平均帧率: 30.00, 视频编解码器: h264, 音频编解码器: aac
分类: 🎬电影频道, 名称: 私人影院, 总数: 7, 有效: 0, 有效率: 0.00%, IPv4: 7, IPv6: 0, 最小延迟: -1 ms, 最高速率: 0.00 M/s, 平均速率: 0.00 M/s, 最高分辨率: None, 平均帧率: 未知, 视频编解码器: 未知, 音频编解码器: 未知
分类: 🎬电影频道, 名称: 星空卫视, 总数: 4, 有效: 0, 有效率: 0.00%, IPv4: 4, IPv6: 0, 最小延迟: 3001 ms, 最高速率: 0.14 M/s, 平均速率: 0.00 M/s, 最高分辨率: None, 平均帧率: 未知, 视频编解码器: 未知, 音频编解码器: 未知
分类: 🎬电影频道, 名称: 东森电影, 总数: 24, 有效: 1, 有效率: 4.17%, IPv4: 24, IPv6: 0, 最小延迟: 200 ms, 最高速率: 0.45 M/s, 平均速率: 0.45 M/s, 最高分辨率: 1280x720, 平均帧率: 30.00, 视频编解码器: h264, 音频编解码器: aac
分类: 🎬电影频道, 名称: 龙祥电影, 总数: 10, 有效: 0, 有效率: 0.00%, IPv4: 10, IPv6: 0, 最小延迟: -1 ms, 最高速率: 0.00 M/s, 平均速率: 0.00 M/s, 最高分辨率: None, 平均帧率: 未知, 视频编解码器: 未知, 音频编解码器: 未知
分类: 🎬电影频道, 名称: 东森洋片, 总数: 17, 有效: 0, 有效率: 0.00%, IPv4: 17, IPv6: 0, 最小延迟: -1 ms, 最高速率: 0.00 M/s, 平均速率: 0.00 M/s, 最高分辨率: None, 平均帧率: 未知, 视频编解码器: 未知, 音频编解码器: 未知
分类: 🎬电影频道, 名称: 东森超视, 总数: 14, 有效: 2, 有效率: 14.29%, IPv4: 14, IPv6: 0, 最小延迟: 1089 ms, 最高速率: 1.22 M/s, 平均速率: 0.98 M/s, 最高分辨率: 1920x1080, 平均帧率: 29.97, 视频编解码器: h264, 音频编解码器: aac
分类: 🏀体育频道, 名称: CCTV-5, 总数: 17, 有效: 0, 有效率: 0.00%, IPv4: 17, IPv6: 0, 最小延迟: -1 ms, 最高速率: 0.00 M/s, 平均速率: 0.00 M/s, 最高分辨率: None, 平均帧率: 未知, 视频编解码器: 未知, 音频编解码器: 未知
分类: 🏀体育频道, 名称: CCTV-5+, 总数: 9, 有效: 0, 有效率: 0.00%, IPv4: 9, IPv6: 0, 最小延迟: 3002 ms, 最高速率: 0.07 M/s, 平均速率: 0.00 M/s, 最高分辨率: None, 平均帧率: 未知, 视频编解码器: 未知, 音频编解码器: 未知
分类: 🏀体育频道, 名称: 广东体育, 总数: 44, 有效: 1, 有效率: 2.27%, IPv4: 44, IPv6: 0, 最小延迟: 118 ms, 最高速率: 0.45 M/s, 平均速率: 0.45 M/s, 最高分辨率: 1280x720, 平均帧率: 27.50, 视频编解码器: h264, 音频编解码器: aac
分类: 🏀体育频道, 名称: 纬来体育, 总数: 22, 有效: 1, 有效率: 4.55%, IPv4: 22, IPv6: 0, 最小延迟: 200 ms, 最高速率: 0.46 M/s, 平均速率: 0.46 M/s, 最高分辨率: 1280x720, 平均帧率: 30.00, 视频编解码器: h264, 音频编解码器: aac
分类: 🏀体育频道, 名称: 五星体育, 总数: 14, 有效: 3, 有效率: 21.43%, IPv4: 14, IPv6: 0, 最小延迟: 92 ms, 最高速率: 125.57 M/s, 平均速率: 121.06 M/s, 最高分辨率: 1920x1080, 平均帧率: 25.00, 视频编解码器: h264, 音频编解码器: mp2
分类: 🏀体育频道, 名称: 爱体育, 总数: 6, 有效: 0, 有效率: 0.00%, IPv4: 6, IPv6: 0, 最小延迟: -1 ms, 最高速率: 0.00 M/s, 平均速率: 0.00 M/s, 最高分辨率: None, 平均帧率: 未知, 视频编解码器: 未知, 音频编解码器: 未知
分类: 🏀体育频道, 名称: 劲爆体育, 总数: 14, 有效: 0, 有效率: 0.00%, IPv4: 14, IPv6: 0, 最小延迟: 1315 ms, 最高速率: 0.09 M/s, 平均速率: 0.00 M/s, 最高分辨率: None, 平均帧率: 未知, 视频编解码器: 未知, 音频编解码器: 未知
分类: 🏀体育频道, 名称: 广州竞赛, 总数: 8, 有效: 0, 有效率: 0.00%, IPv4: 8, IPv6: 0, 最小延迟: -1 ms, 最高速率: 0.00 M/s, 平均速率: 0.00 M/s, 最高分辨率: None, 平均帧率: 未知, 视频编解码器: 未知, 音频编解码器: 未知
分类: 🏀体育频道, 名称: 福建体育, 总数: 3, 有效: 0, 有效率: 0.00%, IPv4: 3, IPv6: 0, 最小延迟: -1 ms, 最高速率: 0.00 M/s, 平均速率: 0.00 M/s, 最高分辨率: None, 平均帧率: 未知, 视频编解码器: 未知, 音频编解码器: 未知
分类: 🏀体育频道, 名称: 辽宁体育, 总数: 11, 有效: 1, 有效率: 9.09%, IPv4: 11, IPv6: 0, 最小延迟: 291 ms, 最高速率: 14.89 M/s, 平均速率: 14.89 M/s, 最高分辨率: 1920x1080, 平均帧率: 25.00, 视频编解码器: h264, 音频编解码器: aac
分类: 🏀体育频道, 名称: 山东体育, 总数: 16, 有效: 0, 有效率: 0.00%, IPv4: 16, IPv6: 0, 最小延迟: 45 ms, 最高速率: 2.01 M/s, 平均速率: 0.00 M/s, 最高分辨率: None, 平均帧率: 未知, 视频编解码器: 未知, 音频编解码器: aac
分类: 🏀体育频道, 名称: 江苏体育, 总数: 2, 有效: 0, 有效率: 0.00%, IPv4: 2, IPv6: 0, 最小延迟: -1 ms, 最高速率: 0.00 M/s, 平均速率: 0.00 M/s, 最高分辨率: None, 平均帧率: 未知, 视频编解码器: 未知, 音频编解码器: 未知
分类: 🏀体育频道, 名称: 睛彩篮球, 总数: 17, 有效: 0, 有效率: 0.00%, IPv4: 17, IPv6: 0, 最小延迟: 70 ms, 最高速率: 0.04 M/s, 平均速率: 0.00 M/s, 最高分辨率: 1920x1080, 平均帧率: 30.00, 视频编解码器: h264, 音频编解码器: aac
分类: 🏀体育频道, 名称: 睛彩广场舞, 总数: 10, 有效: 0, 有效率: 0.00%, IPv4: 10, IPv6: 0, 最小延迟: 3001 ms, 最高速率: 0.00 M/s, 平均速率: 0.00 M/s, 最高分辨率: None, 平均帧率: 未知, 视频编解码器: 未知, 音频编解码器: 未知
分类: 🏀体育频道, 名称: 风云足球, 总数: 5, 有效: 0, 有效率: 0.00%, IPv4: 5, IPv6: 0, 最小延迟: 1482 ms, 最高速率: 0.06 M/s, 平均速率: 0.00 M/s, 最高分辨率: None, 平均帧率: 未知, 视频编解码器: 未知, 音频编解码器: 未知
分类: 🏀体育频道, 名称: 足球频道, 总数: 5, 有效: 0, 有效率: 0.00%, IPv4: 5, IPv6: 0, 最小延迟: -1 ms, 最高速率: 0.00 M/s, 平均速率: 0.00 M/s, 最高分辨率: None, 平均帧率: 未知, 视频编解码器: 未知, 音频编解码器: 未知
分类: 🏀体育频道, 名称: 魅力足球, 总数: 10, 有效: 0, 有效率: 0.00%, IPv4: 10, IPv6: 0, 最小延迟: 1281 ms, 最高速率: 0.04 M/s, 平均速率: 0.00 M/s, 最高分辨率: None, 平均帧率: 未知, 视频编解码器: 未知, 音频编解码器: 未知
分类: 🏀体育频道, 名称: JJ斗地主, 总数: 10, 有效: 0, 有效率: 0.00%, IPv4: 10, IPv6: 0, 最小延迟: -1 ms, 最高速率: 0.00 M/s, 平均速率: 0.00 M/s, 最高分辨率: None, 平均帧率: 未知, 视频编解码器: 未知, 音频编解码器: 未知
分类: 🪁动画频道, 名称: 少儿动画, 总数: 20, 有效: 0, 有效率: 0.00%, IPv4: 20, IPv6: 0, 最小延迟: -1 ms, 最高速率: 0.00 M/s, 平均速率: 0.00 M/s, 最高分辨率: None, 平均帧率: 未知, 视频编解码器: 未知, 音频编解码器: 未知
分类: 🪁动画频道, 名称: 卡酷动画, 总数: 14, 有效: 0, 有效率: 0.00%, IPv4: 14, IPv6: 0, 最小延迟: 3001 ms, 最高速率: 0.01 M/s, 平均速率: 0.00 M/s, 最高分辨率: 720x576, 平均帧率: 50.00, 视频编解码器: h264, 音频编解码器: aac
分类: 🪁动画频道, 名称: 爱动漫, 总数: 4, 有效: 0, 有效率: 0.00%, IPv4: 4, IPv6: 0, 最小延迟: -1 ms, 最高速率: 0.00 M/s, 平均速率: 0.00 M/s, 最高分辨率: None, 平均帧率: 未知, 视频编解码器: 未知, 音频编解码器: 未知
分类: 🪁动画频道, 名称: CN卡通, 总数: 2, 有效: 0, 有效率: 0.00%, IPv4: 2, IPv6: 0, 最小延迟: 1478 ms, 最高速率: 0.23 M/s, 平均速率: 0.00 M/s, 最高分辨率: 1920x1080, 平均帧率: 59.94, 视频编解码器: h264, 音频编解码器: aac
分类: 🪁动画频道, 名称: 动漫秀场, 总数: 33, 有效: 1, 有效率: 3.03%, IPv4: 33, IPv6: 0, 最小延迟: 649 ms, 最高速率: 17.76 M/s, 平均速率: 17.76 M/s, 最高分辨率: 1920x1080, 平均帧率: 25.00, 视频编解码器: h264, 音频编解码器: mp2
分类: 🪁动画频道, 名称: 优漫卡通, 总数: 7, 有效: 0, 有效率: 0.00%, IPv4: 7, IPv6: 0, 最小延迟: -1 ms, 最高速率: 0.00 M/s, 平均速率: 0.00 M/s, 最高分辨率: None, 平均帧率: 未知, 视频编解码器: 未知, 音频编解码器: 未知
分类: 🪁动画频道, 名称: 金鹰卡通, 总数: 60, 有效: 1, 有效率: 1.67%, IPv4: 60, IPv6: 0, 最小延迟: 58 ms, 最高速率: 69.49 M/s, 平均速率: 7.24 M/s, 最高分辨率: 1920x1080, 平均帧率: 34.09, 视频编解码器: h264, 音频编解码器: mp2
分类: 🪁动画频道, 名称: 炫动卡通, 总数: 24, 有效: 0, 有效率: 0.00%, IPv4: 24, IPv6: 0, 最小延迟: -1 ms, 最高速率: 0.00 M/s, 平均速率: 0.00 M/s, 最高分辨率: None, 平均帧率: 未知, 视频编解码器: 未知, 音频编解码器: 未知
分类: 🪁动画频道, 名称: 浙江少儿, 总数: 21, 有效: 0, 有效率: 0.00%, IPv4: 21, IPv6: 0, 最小延迟: 1040 ms, 最高速率: 0.40 M/s, 平均速率: 0.00 M/s, 最高分辨率: 1920x1080, 平均帧率: 25.00, 视频编解码器: h264, 音频编解码器: aac
分类: 🪁动画频道, 名称: 深圳少儿, 总数: 10, 有效: 0, 有效率: 0.00%, IPv4: 10, IPv6: 0, 最小延迟: 1584 ms, 最高速率: 0.05 M/s, 平均速率: 0.00 M/s, 最高分辨率: None, 平均帧率: 未知, 视频编解码器: 未知, 音频编解码器: 未知
分类: 🪁动画频道, 名称: 七龙珠, 总数: 4, 有效: 1, 有效率: 25.00%, IPv4: 4, IPv6: 0, 最小延迟: 16 ms, 最高速率: 25.44 M/s, 平均速率: 25.44 M/s, 最高分辨率: 1920x1080, 平均帧率: 30.00, 视频编解码器: h264, 音频编解码器: aac
分类: 🪁动画频道, 名称: 火影忍者, 总数: 4, 有效: 0, 有效率: 0.00%, IPv4: 4, IPv6: 0, 最小延迟: 18 ms, 最高速率: 22.47 M/s, 平均速率: 0.00 M/s, 最高分辨率: None, 平均帧率: 未知, 视频编解码器: 未知, 音频编解码器: 未知
分类: 🪁动画频道, 名称: 海绵宝宝, 总数: 8, 有效: 1, 有效率: 12.50%, IPv4: 8, IPv6: 0, 最小延迟: 1428 ms, 最高速率: 0.51 M/s, 平均速率: 0.51 M/s, 最高分辨率: 1920x1080, 平均帧率: 25.00, 视频编解码器: h264, 音频编解码器: aac
分类: 🪁动画频道, 名称: 猫和老鼠, 总数: 9, 有效: 1, 有效率: 11.11%, IPv4: 9, IPv6: 0, 最小延迟: 19 ms, 最高速率: 24.72 M/s, 平均速率: 24.72 M/s, 最高分辨率: 1920x1080, 平均帧率: 30.00, 视频编解码器: h264, 音频编解码器: aac
分类: 🪁动画频道, 名称: 中华小当家, 总数: 4, 有效: 0, 有效率: 0.00%, IPv4: 4, IPv6: 0, 最小延迟: 456 ms, 最高速率: 0.00 M/s, 平均速率: 0.00 M/s, 最高分辨率: None, 平均帧率: 未知, 视频编解码器: 未知, 音频编解码器: 未知
分类: 🪁动画频道, 名称: 经典动漫, 总数: 3, 有效: 0, 有效率: 0.00%, IPv4: 3, IPv6: 0, 最小延迟: 1022 ms, 最高速率: 0.09 M/s, 平均速率: 0.00 M/s, 最高分辨率: 1280x720, 平均帧率: 30.00, 视频编解码器: h264, 音频编解码器: aac
分类: 🪁动画频道, 名称: 蜡笔小新, 总数: 6, 有效: 0, 有效率: 0.00%, IPv4: 6, IPv6: 0, 最小延迟: 1499 ms, 最高速率: 0.00 M/s, 平均速率: 0.00 M/s, 最高分辨率: 1920x1080, 平均帧率: 24.42, 视频编解码器: h264, 音频编解码器: aac
分类: 🪁动画频道, 名称: 漫画解说, 总数: 2, 有效: 0, 有效率: 0.00%, IPv4: 2, IPv6: 0, 最小延迟: -1 ms, 最高速率: 0.00 M/s, 平均速率: 0.00 M/s, 最高分辨率: None, 平均帧率: 未知, 视频编解码器: 未知, 音频编解码器: 未知
分类: 🎮游戏频道, 名称: 游戏风云, 总数: 21, 有效: 1, 有效率: 4.76%, IPv4: 21, IPv6: 0, 最小延迟: 646 ms, 最高速率: 6.14 M/s, 平均速率: 4.06 M/s, 最高分辨率: 1920x1080, 平均帧率: 25.00, 视频编解码器: h264, 音频编解码器: mp2
分类: 🎮游戏频道, 名称: 游戏竞技, 总数: 1, 有效: 0, 有效率: 0.00%, IPv4: 1, IPv6: 0, 最小延迟: -1 ms, 最高速率: 0.00 M/s, 平均速率: 0.00 M/s, 最高分辨率: None, 平均帧率: 未知, 视频编解码器: 未知, 音频编解码器: 未知
分类: 🎵音乐频道, 名称: CCTV-15, 总数: 12, 有效: 0, 有效率: 0.00%, IPv4: 12, IPv6: 0, 最小延迟: -1 ms, 最高速率: 0.00 M/s, 平均速率: 0.00 M/s, 最高分辨率: None, 平均帧率: 未知, 视频编解码器: 未知, 音频编解码器: 未知
分类: 🎵音乐频道, 名称: 风云音乐, 总数: 8, 有效: 0, 有效率: 0.00%, IPv4: 8, IPv6: 0, 最小延迟: 2919 ms, 最高速率: 0.29 M/s, 平均速率: 0.00 M/s, 最高分辨率: 1920x1080, 平均帧率: 50.00, 视频编解码器: h264, 音频编解码器: mp2
分类: 🎵音乐频道, 名称: 音乐之声, 总数: 1, 有效: 0, 有效率: 0.00%, IPv4: 1, IPv6: 0, 最小延迟: 1016 ms, 最高速率: 0.16 M/s, 平均速率: 0.00 M/s, 最高分辨率: None, 平均帧率: 未知, 视频编解码器: 未知, 音频编解码器: aac
